---
source: src/ast.rs
expression: "rules::type_(input, &lookup(input))?"

---
Type(
  name: "doublegum",
  kind: Custom,
  generic_types: [],
  definition: None,
  symbol_range: "...",
)
