---
source: src/ast.rs
expression: "rules::package(input, &lookup(input))?"

---
Package(
  name: "x.y.z",
  symbol_range: "...",
)
