---
source: src/rules.rs
assertion_line: 588
expression: res

---
Type(
  name: "FileDescriptor",
  kind: file_descriptor,
  symbol_range: "...",
  full_range: "...",
)
