---
source: src/rules.rs
assertion_line: 527
expression: res

---
Const(
  name: "CONST_NAME",
  type: Type(
    name: "TypeName",
    kind: unresolved,
    symbol_range: "...",
    full_range: "...",
  ),
  value: "\"const value\"",
  symbol_range: "...",
  full_range: "...",
)
