---
source: src/rules.rs
assertion_line: 511
expression: res

---
Field(
  name: "fieldName",
  type: Type(
    name: "TypeName",
    kind: custom,
    symbol_range: "...",
    full_range: "...",
  ),
  value: Some("\"field value\""),
  annotations: [
    Annotation(
      name: "@AnnotationName",
    ),
  ],
  symbol_range: "...",
  full_range: "...",
)
