---
source: src/rules.rs
expression: res

---
Arg(
  name: Some("albert"),
  arg_type: Type(
    name: "TypeName",
    kind: Custom,
    symbol_range: "...",
  ),
  doc: Some("Arg documentation"),
  symbol_range: "...",
  full_range: "...",
)
