---
source: src/rules.rs
assertion_line: 264
expression: res

---
Parcelable(
  name: "Tomato",
  fields: [],
  doc: Some("Parcelable documentation"),
  full_range: "...",
  symbol_range: "...",
)
