---
source: src/rules.rs
expression: res

---
Const(
  name: "CONST_NAME",
  const_type: Type(
    name: "TypeName",
    kind: Custom,
    symbol_range: "...",
  ),
  value: "123",
  doc: Some("Const documentation"),
  symbol_range: "...",
  full_range: "...",
)
