---
source: src/lib.rs
expression: res

---
Package(
  name: "x",
  symbol_range: "...",
)
