---
source: src/rules.rs
expression: res

---
Type(
  name: "TypeName",
  kind: Custom,
  generic_types: [],
  definition: None,
  symbol_range: "...",
)
