---
source: src/parser.rs
expression: res

---
None
