---
source: src/parser.rs
expression: res

---
Package(
  name: "x.y.z",
  symbol_range: "...",
)
